ROUNDFIX // LIVE RUN VIEW // PR #123                                                 RUN 00000001 [RESOLVING WITH AGENT]
┌──────────────────────────────────────────────────────────────────────────────────────────────────────────────────────┐
│ FETCH [done]  >  TRIAGE [done]  >  AGENT [run]  >  VERIFY [wait]  >  PUSH [locked]                                   │
└──────────────────────────────────────────────────────────────────────────────────────────────────────────────────────┘
┌────────────────────────────────────────────┐┌─────────────────────────────────────────────────────────────────────┐
│ WORK QUEUE (3)                             ││ SESSION.TIMELINE                               Live · detail hidden │
│                                            ││                                                                     │
│ BATCH 001/002                        01:23 ││ PLAN inspect current cockpit render                                 │
│ ┌────────────────────────────────────────┐ ││ [TOOL] read_file * completed                                        │
│ │> [done] MAJOR                        #1│ ││ THINK preserving the shipped layout                                 │
│ │  major: guard nil cache                │ ││ ▼ BATCH 001/001 executing 00:00                                     │
│ │  internal/cache/cache.go:42            │ ││ SESSION running                                                     │
│ └────────────────────────────────────────┘ ││                                                                     │
│                                            ││                                                                     │
│   [run] MINOR                           #2 ││                                                                     │
│   minor: trim stale TODO                   ││                                                                     │
│   internal/cache/cache_test.go:17          ││                                                                     │
│                                            ││                                                                     │
│ BATCH 002/002                              ││                                                                     │
│   [wait] INFO                           #3 ││                                                                     │
│   info: document cache eviction            ││                                                                     │
│   internal/cache/cache.go:88               ││                                                                     │
│                                            ││                                                                     │
│                                            ││                                                                     │
│                                            ││                                                                     │
│                                            ││                                                                     │
│                                            ││                                                                     │
│                                            ││                                                                     │
│                                            ││                                                                     │
│                                            ││                                                                     │
│                                            ││                                                                     │
│                                            ││                                                                     │
│                                            ││                                                                     │
│                                            ││                                                                     │
│                                            ││                                                                     │
│                                            ││                                                                     │
│                                            ││                                                                     │
│ 3 issues total · 1 resolved · 2 unresolved ││                                                                     │
└────────────────────────────────────────────┘└─────────────────────────────────────────────────────────────────────┘
Keys: Tab focus · ↑↓ move/scroll · PgUp/PgDn page · Enter issue · D show detail · End follow · Ctrl-C stop              