ROUNDFIX // LIVE RUN VIEW                                                                                   RUN 00000001
RUN.PROGRESS  1 of 3 issue(s) resolved · 33%                                                                          

┌───────────────────────────────┐┌──────────────────────────────────────────────────────────────────────────────────┐
│ REVIEW.ISSUES                 ││ REVIEW.ISSUE                                                                     │
│ 3 issue(s)                    ││ major: guard nil cache                                                           │
│                               ││ major · resolved · internal/cache/cache.go:42                                    │
│ ─── Batch 001/002       01:23 ││ source: thread:PRRT_1,comment:PRRC_1                                             │
│ > Issue #001                  ││                                                                                  │
│   Resolved                    ││ # Issue 001: major: guard nil cache                                              │
│                               ││                                                                                  │
│   Issue #002                  ││ ## Review Comment                                                                │
│   Executing                   ││                                                                                  │
│                               ││ Guard the map lookup before dereferencing.                                       │
│ ─── Batch 002/002             ││                                                                                  │
│   Issue #003                  ││ ## Triage                                                                        │
│   Waiting                     ││                                                                                  │
│                               ││ - Decision: `UNREVIEWED`                                                         │
│                               ││ - Notes:                                                                         │
│                               ││                                                                                  │
│                               ││                                                                                  │
│                               ││                                                                                  │
│                               ││                                                                                  │
│                               ││                                                                                  │
│                               ││                                                                                  │
│                               ││                                                                                  │
│                               ││                                                                                  │
│                               ││                                                                                  │
│                               ││                                                                                  │
│                               ││                                                                                  │
│                               ││                                                                                  │
│                               ││                                                                                  │
│                               ││                                                                                  │
│                               ││                                                                                  │
│                               ││                                                                                  │
│                               ││                                                                                  │
│                               ││                                                                                  │
└───────────────────────────────┘└──────────────────────────────────────────────────────────────────────────────────┘
Keys: Tab focus · ↑↓ scroll · PgUp/PgDn page · End follow · Enter issue · Esc back · Ctrl-C stop                        