ROUNDFIX // LIVE RUN VIEW // PR #123                      RUN 00000001 [CLEAN] READ-ONLY
┌──────────────────────────────────────────────────────────────────────────────────────┐
│ FETCH [done]  >  TRIAGE [done]  >  AGENT [done]  >  VERIFY [done]  >  PUSH [done]    │
└──────────────────────────────────────────────────────────────────────────────────────┘
┌────────────────────────────┐┌─────────────────────────────────────────────────────┐
│ WORK QUEUE (3)             ││ SESSION.TIMELINE                                    │
│                            ││                                                     │
│ ─── Batch 001/002          ││ PLAN inspect current cockpit render                 │
│ > Issue #001               ││ [TOOL] read_file * completed                        │
│   Resolved                 ││ THINK preserving the shipped layout                 │
│                            ││ Batch 001 executing.                                │
│   Issue #002               ││ SESSION running                                     │
│   Paused                   ││                                                     │
│                            ││                                                     │
│ ─── Batch 002/002          ││                                                     │
│   Issue #003               ││                                                     │
│   Paused                   ││                                                     │
│                            ││                                                     │
│                            ││                                                     │
│                            ││                                                     │
│                            ││                                                     │
│                            ││                                                     │
└────────────────────────────┘└─────────────────────────────────────────────────────┘
Keys: Tab focus · ↑↓ scroll · PgUp/PgDn page · End follow · Enter issue · Esc back · q close