ROUNDFIX // LIVE RUN VIEW // PR #123                 RUN 00000001 [RESOLVING WITH AGENT]
┌──────────────────────────────────────────────────────────────────────────────────────┐
│ FETCH [done]  >  TRIAGE [done]  >  AGENT [run]  >  VERIFY [wait]  >  PUSH [locked]   │
└──────────────────────────────────────────────────────────────────────────────────────┘
┌────────────────────────────┐┌─────────────────────────────────────────────────────┐
│ WORK QUEUE (3)             ││ SESSION.TIMELINE                                    │
│                            ││                                                     │
│ ─── Batch 001/002    01:23 ││ PLAN inspect current cockpit render                 │
│ > Issue #001               ││ [TOOL] read_file * completed                        │
│   Resolved                 ││ THINK preserving the shipped layout                 │
│                            ││ Batch 001 executing.                                │
│   Issue #002               ││ SESSION running                                     │
│   Executing                ││                                                     │
│                            ││                                                     │
│ ─── Batch 002/002          ││                                                     │
│   Issue #003               ││                                                     │
│   Waiting                  ││                                                     │
│                            ││                                                     │
│                            ││                                                     │
│                            ││                                                     │
│                            ││                                                     │
│                            ││                                                     │
└────────────────────────────┘└─────────────────────────────────────────────────────┘
Keys: Tab focus · ↑↓ scroll · PgUp/PgDn page · End follow · Enter issue · Esc back · Ctrl-C stop