ROUNDFIX // LIVE RUN VIEW // SPEC 0005-tui-cockpit   RUN 00000001 [RESOLVING WITH AGENT]
┌──────────────────────────────────────────────────────────────────────────────────────┐
│ AGENT [run]  >  VERIFY [wait]  >  COMMIT [wait]                                      │
└──────────────────────────────────────────────────────────────────────────────────────┘
┌────────────────────────────────┐┌─────────────────────────────────────────────────┐
│ WORK QUEUE (3)                 ││ SESSION.TIMELINE           Live · detail hidden │
│                                ││                                                 │
│ ┌────────────────────────────┐ ││          TASK Task task_01 settled completed.   │
│ │> [done] Completed        #1│ ││ PLAN continue Task Graph execution              │
│ │  task_01 Decompose rendere…│ ││ [TOOL] go test ./internal/tui/ * completed      │
│ │  docs/specs/0005-tui-cockp…│ ││                                                 │
│ └────────────────────────────┘ ││                                                 │
│                                ││                                                 │
│   [run] Agent working       #2 ││                                                 │
│   task_02 Build phase row      ││                                                 │
│   docs/specs/0005-tui-cockpit… ││                                                 │
│                                ││                                                 │
│   [wait] Waiting            #3 ││                                                 │
│   task_03 Upgrade work queue   ││                                                 │
│   docs/specs/0005-tui-cockpit… ││                                                 │
│                                ││                                                 │
│ 3 Tasks total · 1 completed ·… ││                                                 │
└────────────────────────────────┘└─────────────────────────────────────────────────┘
Keys: Tab focus · ↑↓ move/scroll · PgUp/PgDn page · Enter Task · D show d… · Ctrl-C stop